// Jest Snapshot v1, https://goo.gl/fbAQLP

exports[`creates expected mark up for 0 results 1`] = `
<div
  className="paginated-search-results"
>
  <h1>
    1 results
  </h1>
  <ul
    className="search-results-list"
    role="list"
  />
  <ul
    className="pagination"
  >
    <li
      className="previous disabled"
    >
      <a
        className={undefined}
        href={undefined}
        onClick={[Function]}
        onKeyPress={[Function]}
        role="button"
        tabIndex="0"
      >
        previous
      </a>
    </li>
    <li
      className="active"
    >
      <a
        aria-current="page"
        aria-label="Page 1 is your current page"
        className={undefined}
        href={undefined}
        onClick={[Function]}
        onKeyPress={[Function]}
        role="button"
        tabIndex="0"
      >
        1
      </a>
    </li>
    <li
      className={undefined}
    >
      <a
        aria-current={null}
        aria-label="Page 2"
        className={undefined}
        href={undefined}
        onClick={[Function]}
        onKeyPress={[Function]}
        role="button"
        tabIndex="0"
      >
        2
      </a>
    </li>
    <li
      className={undefined}
    >
      <a
        aria-current={null}
        aria-label="Page 3"
        className={undefined}
        href={undefined}
        onClick={[Function]}
        onKeyPress={[Function]}
        role="button"
        tabIndex="0"
      >
        3
      </a>
    </li>
    <li
      className={undefined}
    >
      <a
        aria-current={null}
        aria-label="Page 4"
        className={undefined}
        href={undefined}
        onClick={[Function]}
        onKeyPress={[Function]}
        role="button"
        tabIndex="0"
      >
        4
      </a>
    </li>
    <li
      className={undefined}
    >
      <a
        aria-current={null}
        aria-label="Page 5"
        className={undefined}
        href={undefined}
        onClick={[Function]}
        onKeyPress={[Function]}
        role="button"
        tabIndex="0"
      >
        5
      </a>
    </li>
    <li
      className={undefined}
    >
      <a
        aria-current={null}
        aria-label="Page 6"
        className={undefined}
        href={undefined}
        onClick={[Function]}
        onKeyPress={[Function]}
        role="button"
        tabIndex="0"
      >
        6
      </a>
    </li>
    <li
      className="break-me"
    >
      <a
        href=""
      >
        ...
      </a>
    </li>
    <li
      className={undefined}
    >
      <a
        aria-current={null}
        aria-label="Page 9"
        className={undefined}
        href={undefined}
        onClick={[Function]}
        onKeyPress={[Function]}
        role="button"
        tabIndex="0"
      >
        9
      </a>
    </li>
    <li
      className={undefined}
    >
      <a
        aria-current={null}
        aria-label="Page 10"
        className={undefined}
        href={undefined}
        onClick={[Function]}
        onKeyPress={[Function]}
        role="button"
        tabIndex="0"
      >
        10
      </a>
    </li>
    <li
      className="next"
    >
      <a
        className={undefined}
        href={undefined}
        onClick={[Function]}
        onKeyPress={[Function]}
        role="button"
        tabIndex="0"
      >
        next
      </a>
    </li>
  </ul>
</div>
`;
